
  [31;1mΓ¿»[39;22m
  [31mΓöÇΓöÇΓöÇΓöÇΓöÇΓöÇΓöÇΓöÇΓöÇΓöÇΓöÇΓöÇΓöÇΓöÇΓöÇΓöÇΓöÇΓöÇΓöÇΓöÇΓöÇΓöÇΓöÇΓöÇΓöÇΓöÇΓöÇΓöÇΓöÇΓöÇΓöÇΓöÇΓöÇΓöÇΓöÇΓöÇΓöÇΓöÇΓöÇΓöÇΓöÇΓöÇΓöÇΓöÇΓöÇΓöÇΓöÇΓöÇΓöÇΓöÇΓöÇΓöÇΓöÇΓöÇΓöÇΓöÇΓöÇΓöÇΓöÇΓöÇΓöÇΓöÇΓöÇΓöÇΓöÇΓöÇΓöÇΓöÇΓöÇΓöÇΓöÇΓöÇΓöÇΓöÇΓöÇΓöÇΓöÇΓöÇΓöÇΓöÇΓöÇΓöÇΓöÇΓöÇΓöÇΓöÇΓöÇΓöÇΓöÇΓöÇΓöÇΓöÇΓöÇΓöÇΓöÇΓöÇΓöÇΓöÇΓöÇΓöÇΓöÇΓöÇΓöÇΓöÇΓöÇΓöÇΓöÇΓöÇΓöÇΓöÇΓöÇΓöÇΓöÇΓöÇΓöÇΓöÇΓöÇΓöÇΓöÇΓöÇΓöÇΓöÇΓöÇΓöÇΓöÇΓöÇΓöÇΓöÇΓöÇΓöÇΓöÇΓöÇΓöÇΓöÇΓöÇΓöÇΓöÇΓöÇΓöÇΓöÇΓöÇΓöÇΓöÇΓöÇΓöÇΓöÇΓöÇΓöÇ[39m  
  [41;1m FAILED [49;22m [1mTests\Feature\MaterialProcessingTest[22m [90m>[39m quiz can be generated                                                                                 
[39;1m  Expected response status code [200] but received 500.
Failed asserting that 500 is identical to 200.[39;22m

  at [32mtests\Feature\MaterialProcessingTest.php[39m:[32m138[39m
    134Γûò             'num_questions' => 5,
    135Γûò             'quiz_type' => 'multiple_choice',
    136Γûò         ]);
    137Γûò 
  Γ₧£ 138Γûò         $response->assertStatus(200)
    139Γûò             ->assertJson(['success' => true]);
    140Γûò 
    141Γûò         $this->assertDatabaseHas('quizzes', [
    142Γûò             'material_id' => $material->id,


  [90mTests:[39m    [31;1m1 failed[39;22m[90m (2 assertions)[39m
  [90mDuration:[39m [39m0.87s[39m

